<!DOCTYPE html>
<html lang="en">
<head>
        <meta charset="UTF-8">
        <title>Test with Emoji in ALT text</title>
    </head>
    <body>
        <header>
            <h1>Hello Friends <img src="https://twemoji.maxcdn.com/v/latest/72x72/1f44b.png" alt="&#128075;" width="72" height="72" loading="lazy" class="twemoji">
</h1>
            <img src="http://fillmurray.lucidinternets.com/200/300" alt="A random image of Bill Murray &#127867;" title="maybe an image of bill murry with a raised glass &#127866;">
        </header>
        <main>
        <section>
            <h2>Time for a ElePHPant RAVE!</h2>
            <p><img src="https://twemoji.maxcdn.com/v/latest/72x72/1f418.png" alt="&#128024;" width="72" height="72" loading="lazy" class="twemoji"><img src="https://twemoji.maxcdn.com/v/latest/72x72/1f418.png" alt="&#128024;" width="72" height="72" loading="lazy" class="twemoji"><img src="https://twemoji.maxcdn.com/v/latest/72x72/1f418.png" alt="&#128024;" width="72" height="72" loading="lazy" class="twemoji"><img src="https://twemoji.maxcdn.com/v/latest/72x72/1f418.png" alt="&#128024;" width="72" height="72" loading="lazy" class="twemoji"></p>
            <p><img src="https://twemoji.maxcdn.com/v/latest/72x72/1f418.png" alt="&#128024;" width="72" height="72" loading="lazy" class="twemoji"><img src="https://twemoji.maxcdn.com/v/latest/72x72/1f418.png" alt="&#128024;" width="72" height="72" loading="lazy" class="twemoji"><img src="https://twemoji.maxcdn.com/v/latest/72x72/1f418.png" alt="&#128024;" width="72" height="72" loading="lazy" class="twemoji"></p>
            <p><img src="https://twemoji.maxcdn.com/v/latest/72x72/1f418.png" alt="&#128024;" width="72" height="72" loading="lazy" class="twemoji"><img src="https://twemoji.maxcdn.com/v/latest/72x72/1f418.png" alt="&#128024;" width="72" height="72" loading="lazy" class="twemoji"><img src="https://twemoji.maxcdn.com/v/latest/72x72/1f418.png" alt="&#128024;" width="72" height="72" loading="lazy" class="twemoji"><img src="https://twemoji.maxcdn.com/v/latest/72x72/1f418.png" alt="&#128024;" width="72" height="72" loading="lazy" class="twemoji"><img src="https://twemoji.maxcdn.com/v/latest/72x72/1f418.png" alt="&#128024;" width="72" height="72" loading="lazy" class="twemoji"></p>
            <p><img src="https://twemoji.maxcdn.com/v/latest/72x72/1f418.png" alt="&#128024;" width="72" height="72" loading="lazy" class="twemoji"><img src="https://twemoji.maxcdn.com/v/latest/72x72/1f418.png" alt="&#128024;" width="72" height="72" loading="lazy" class="twemoji"></p>
        </section>
        </main>
    </body>
</html>
