<p><img src="https://twemoji.maxcdn.com/v/latest/72x72/1f680.png" alt="🚀" width="72" height="72" loading="lazy" class="twemoji"></p>