<section class="comment-box">
    <div class="comment-content">
        <h2>Time for a ElePHPant RAVE!</h2>
        <p><img src="https://twemoji.maxcdn.com/v/latest/72x72/1f418.png" alt="🐘" width="72" height="72" loading="lazy" class="twemoji"><img src="https://twemoji.maxcdn.com/v/latest/72x72/1f418.png" alt="🐘" width="72" height="72" loading="lazy" class="twemoji"><img src="https://twemoji.maxcdn.com/v/latest/72x72/1f418.png" alt="🐘" width="72" height="72" loading="lazy" class="twemoji"><img src="https://twemoji.maxcdn.com/v/latest/72x72/1f418.png" alt="🐘" width="72" height="72" loading="lazy" class="twemoji"></p>
        <p><img src="https://twemoji.maxcdn.com/v/latest/72x72/1f418.png" alt="🐘" width="72" height="72" loading="lazy" class="twemoji"><img src="https://twemoji.maxcdn.com/v/latest/72x72/1f418.png" alt="🐘" width="72" height="72" loading="lazy" class="twemoji"><img src="https://twemoji.maxcdn.com/v/latest/72x72/1f418.png" alt="🐘" width="72" height="72" loading="lazy" class="twemoji"></p>
        <p><img src="https://twemoji.maxcdn.com/v/latest/72x72/1f418.png" alt="🐘" width="72" height="72" loading="lazy" class="twemoji"><img src="https://twemoji.maxcdn.com/v/latest/72x72/1f418.png" alt="🐘" width="72" height="72" loading="lazy" class="twemoji"><img src="https://twemoji.maxcdn.com/v/latest/72x72/1f418.png" alt="🐘" width="72" height="72" loading="lazy" class="twemoji"><img src="https://twemoji.maxcdn.com/v/latest/72x72/1f418.png" alt="🐘" width="72" height="72" loading="lazy" class="twemoji"><img src="https://twemoji.maxcdn.com/v/latest/72x72/1f418.png" alt="🐘" width="72" height="72" loading="lazy" class="twemoji"></p>
        <p><img src="https://twemoji.maxcdn.com/v/latest/72x72/1f418.png" alt="🐘" width="72" height="72" loading="lazy" class="twemoji"><img src="https://twemoji.maxcdn.com/v/latest/72x72/1f418.png" alt="🐘" width="72" height="72" loading="lazy" class="twemoji"></p>
    </div>
    <section class="sub-comments">
        <section class="comment-box">
            <div class="comment-content">
                <h2>Time for a cRUSTation RAVE!</h2>
                <p><img src="https://twemoji.maxcdn.com/v/latest/72x72/1f980.png" alt="🦀" width="72" height="72" loading="lazy" class="twemoji"><img src="https://twemoji.maxcdn.com/v/latest/72x72/1f980.png" alt="🦀" width="72" height="72" loading="lazy" class="twemoji"><img src="https://twemoji.maxcdn.com/v/latest/72x72/1f980.png" alt="🦀" width="72" height="72" loading="lazy" class="twemoji"><img src="https://twemoji.maxcdn.com/v/latest/72x72/1f980.png" alt="🦀" width="72" height="72" loading="lazy" class="twemoji"></p>
                <p><img src="https://twemoji.maxcdn.com/v/latest/72x72/1f980.png" alt="🦀" width="72" height="72" loading="lazy" class="twemoji"><img src="https://twemoji.maxcdn.com/v/latest/72x72/1f980.png" alt="🦀" width="72" height="72" loading="lazy" class="twemoji"></p>
                <p><img src="https://twemoji.maxcdn.com/v/latest/72x72/1f980.png" alt="🦀" width="72" height="72" loading="lazy" class="twemoji"><img src="https://twemoji.maxcdn.com/v/latest/72x72/1f980.png" alt="🦀" width="72" height="72" loading="lazy" class="twemoji"><img src="https://twemoji.maxcdn.com/v/latest/72x72/1f980.png" alt="🦀" width="72" height="72" loading="lazy" class="twemoji"><img src="https://twemoji.maxcdn.com/v/latest/72x72/1f980.png" alt="🦀" width="72" height="72" loading="lazy" class="twemoji"></p>
                <p><img src="https://twemoji.maxcdn.com/v/latest/72x72/1f980.png" alt="🦀" width="72" height="72" loading="lazy" class="twemoji"></p>
            </div>
        </section>
        <section class="comment-box">
            <div class="comment-content">
                <p>but what if the crabs and elephants rave together?!</p>
            </div>
        </section>
    </section>
</section>