<article>
    <p>Lorem <img src="https://twemoji.maxcdn.com/v/latest/72x72/1f602.png" alt="&#128514;" width="72" height="72" loading="lazy" class="twemoji"><img src="https://twemoji.maxcdn.com/v/latest/72x72/1f602.png" alt="&#128514;" width="72" height="72" loading="lazy" class="twemoji"> ipsum <img src="https://twemoji.maxcdn.com/v/latest/72x72/1f575-fe0f-200d-2642-fe0f.png" alt="&#128373;&#65039;&zwj;&#9794;&#65039;" width="72" height="72" loading="lazy" class="twemoji">dolor sit<img src="https://twemoji.maxcdn.com/v/latest/72x72/270d.png" alt="&#9997;" width="72" height="72" loading="lazy" class="twemoji">&#65039; amet, consectetur adipiscing<img src="https://twemoji.maxcdn.com/v/latest/72x72/1f607.png" alt="&#128519;" width="72" height="72" loading="lazy" class="twemoji"><img src="https://twemoji.maxcdn.com/v/latest/72x72/1f607.png" alt="&#128519;" width="72" height="72" loading="lazy" class="twemoji"><img src="https://twemoji.maxcdn.com/v/latest/72x72/1f919.png" alt="&#129305;" width="72" height="72" loading="lazy" class="twemoji"> elit, sed do eiusmod<img src="https://twemoji.maxcdn.com/v/latest/72x72/1f970.png" alt="&#129392;" width="72" height="72" loading="lazy" class="twemoji"> tempor <img src="https://twemoji.maxcdn.com/v/latest/72x72/1f624.png" alt="&#128548;" width="72" height="72" loading="lazy" class="twemoji"><img src="https://twemoji.maxcdn.com/v/latest/72x72/1f624.png" alt="&#128548;" width="72" height="72" loading="lazy" class="twemoji"><img src="https://twemoji.maxcdn.com/v/latest/72x72/1f3f3-fe0f-200d-1f308.png" alt="&#127987;&#65039;&zwj;&#127752;" width="72" height="72" loading="lazy" class="twemoji">incididunt ut <img src="https://twemoji.maxcdn.com/v/latest/72x72/1f44f.png" alt="&#128079;" width="72" height="72" loading="lazy" class="twemoji">labore <img src="https://twemoji.maxcdn.com/v/latest/72x72/1f44f.png" alt="&#128079;" width="72" height="72" loading="lazy" class="twemoji">et<img src="https://twemoji.maxcdn.com/v/latest/72x72/1f44f.png" alt="&#128079;" width="72" height="72" loading="lazy" class="twemoji"> dolore <img src="https://twemoji.maxcdn.com/v/latest/72x72/1f44f.png" alt="&#128079;" width="72" height="72" loading="lazy" class="twemoji">magna<img src="https://twemoji.maxcdn.com/v/latest/72x72/1f44f.png" alt="&#128079;" width="72" height="72" loading="lazy" class="twemoji"> aliqua.</p>
    <p>Ut enim ad minim <img src="https://twemoji.maxcdn.com/v/latest/72x72/1f435.png" alt="&#128053;" width="72" height="72" loading="lazy" class="twemoji"><img src="https://twemoji.maxcdn.com/v/latest/72x72/270a-1f3ff.png" alt="&#9994;&#127999;" width="72" height="72" loading="lazy" class="twemoji">veniam,<img src="https://twemoji.maxcdn.com/v/latest/72x72/2764.png" alt="&#10084;" width="72" height="72" loading="lazy" class="twemoji">&#65039;<img src="https://twemoji.maxcdn.com/v/latest/72x72/1f624.png" alt="&#128548;" width="72" height="72" loading="lazy" class="twemoji"><img src="https://twemoji.maxcdn.com/v/latest/72x72/1f62b.png" alt="&#128555;" width="72" height="72" loading="lazy" class="twemoji"><img src="https://twemoji.maxcdn.com/v/latest/72x72/1f629.png" alt="&#128553;" width="72" height="72" loading="lazy" class="twemoji"><img src="https://twemoji.maxcdn.com/v/latest/72x72/1f4a6.png" alt="&#128166;" width="72" height="72" loading="lazy" class="twemoji"><img src="https://twemoji.maxcdn.com/v/latest/72x72/1f4a6.png" alt="&#128166;" width="72" height="72" loading="lazy" class="twemoji"> quis nostrud <img src="https://twemoji.maxcdn.com/v/latest/72x72/1f47f.png" alt="&#128127;" width="72" height="72" loading="lazy" class="twemoji"><img src="https://twemoji.maxcdn.com/v/latest/72x72/1f92e.png" alt="&#129326;" width="72" height="72" loading="lazy" class="twemoji">exercitation ullamco <img src="https://twemoji.maxcdn.com/v/latest/72x72/1f9e0.png" alt="&#129504;" width="72" height="72" loading="lazy" class="twemoji"><img src="https://twemoji.maxcdn.com/v/latest/72x72/1f46e-1f3ff-200d-2640-fe0f.png" alt="&#128110;&#127999;&zwj;&#9792;&#65039;" width="72" height="72" loading="lazy" class="twemoji"><img src="https://twemoji.maxcdn.com/v/latest/72x72/1f171.png" alt="&#127345;" width="72" height="72" loading="lazy" class="twemoji">&#65039;laboris nisi ut aliquip<img src="https://twemoji.maxcdn.com/v/latest/72x72/2757.png" alt="&#10071;" width="72" height="72" loading="lazy" class="twemoji">&#65039; ex ea commodo consequat.</p>
    <p><img src="https://twemoji.maxcdn.com/v/latest/72x72/1f4af.png" alt="&#128175;" width="72" height="72" loading="lazy" class="twemoji">Duis aute<img src="https://twemoji.maxcdn.com/v/latest/72x72/1f4a6.png" alt="&#128166;" width="72" height="72" loading="lazy" class="twemoji"><img src="https://twemoji.maxcdn.com/v/latest/72x72/1f602.png" alt="&#128514;" width="72" height="72" loading="lazy" class="twemoji"><img src="https://twemoji.maxcdn.com/v/latest/72x72/1f602.png" alt="&#128514;" width="72" height="72" loading="lazy" class="twemoji"><img src="https://twemoji.maxcdn.com/v/latest/72x72/1f602.png" alt="&#128514;" width="72" height="72" loading="lazy" class="twemoji"> irure dolor <img src="https://twemoji.maxcdn.com/v/latest/72x72/1f473-1f3fb-200d-2642-fe0f.png" alt="&#128115;&#127995;&zwj;&#9794;&#65039;" width="72" height="72" loading="lazy" class="twemoji"><img src="https://twemoji.maxcdn.com/v/latest/72x72/1f5ff.png" alt="&#128511;" width="72" height="72" loading="lazy" class="twemoji">in reprehenderit <img src="https://twemoji.maxcdn.com/v/latest/72x72/1f916.png" alt="&#129302;" width="72" height="72" loading="lazy" class="twemoji"><img src="https://twemoji.maxcdn.com/v/latest/72x72/1f47b.png" alt="&#128123;" width="72" height="72" loading="lazy" class="twemoji"><img src="https://twemoji.maxcdn.com/v/latest/72x72/1f44e.png" alt="&#128078;" width="72" height="72" loading="lazy" class="twemoji">in voluptate velit esse cillum dolore <img src="https://twemoji.maxcdn.com/v/latest/72x72/1f64f.png" alt="&#128591;" width="72" height="72" loading="lazy" class="twemoji"><img src="https://twemoji.maxcdn.com/v/latest/72x72/1f64f.png" alt="&#128591;" width="72" height="72" loading="lazy" class="twemoji">eu fugiat<img src="https://twemoji.maxcdn.com/v/latest/72x72/1f914.png" alt="&#129300;" width="72" height="72" loading="lazy" class="twemoji"> nulla pariatur.</p>
    <p><img src="https://twemoji.maxcdn.com/v/latest/72x72/1f645-200d-2640-fe0f.png" alt="&#128581;&zwj;&#9792;&#65039;" width="72" height="72" loading="lazy" class="twemoji"><img src="https://twemoji.maxcdn.com/v/latest/72x72/1f645-200d-2640-fe0f.png" alt="&#128581;&zwj;&#9792;&#65039;" width="72" height="72" loading="lazy" class="twemoji">Excepteur sint occaecat<img src="https://twemoji.maxcdn.com/v/latest/72x72/1f937-200d-2640-fe0f.png" alt="&#129335;&zwj;&#9792;&#65039;" width="72" height="72" loading="lazy" class="twemoji"><img src="https://twemoji.maxcdn.com/v/latest/72x72/1f926-200d-2640-fe0f.png" alt="&#129318;&zwj;&#9792;&#65039;" width="72" height="72" loading="lazy" class="twemoji"> cupidatat<img src="https://twemoji.maxcdn.com/v/latest/72x72/1f485.png" alt="&#128133;" width="72" height="72" loading="lazy" class="twemoji"> non<img src="https://twemoji.maxcdn.com/v/latest/72x72/1f483.png" alt="&#128131;" width="72" height="72" loading="lazy" class="twemoji"> proident,<img src="https://twemoji.maxcdn.com/v/latest/72x72/1f468-200d-1f467.png" alt="&#128104;&zwj;&#128103;" width="72" height="72" loading="lazy" class="twemoji"> sunt<img src="https://twemoji.maxcdn.com/v/latest/72x72/1f917.png" alt="&#129303;" width="72" height="72" loading="lazy" class="twemoji"> in culpa<img src="https://twemoji.maxcdn.com/v/latest/72x72/1f625.png" alt="&#128549;" width="72" height="72" loading="lazy" class="twemoji"><img src="https://twemoji.maxcdn.com/v/latest/72x72/1f630.png" alt="&#128560;" width="72" height="72" loading="lazy" class="twemoji"><img src="https://twemoji.maxcdn.com/v/latest/72x72/1f628.png" alt="&#128552;" width="72" height="72" loading="lazy" class="twemoji"> qui officia<img src="https://twemoji.maxcdn.com/v/latest/72x72/1f929.png" alt="&#129321;" width="72" height="72" loading="lazy" class="twemoji"><img src="https://twemoji.maxcdn.com/v/latest/72x72/1f929.png" alt="&#129321;" width="72" height="72" loading="lazy" class="twemoji"> deserunt mollit <img src="https://twemoji.maxcdn.com/v/latest/72x72/1f9d0.png" alt="&#129488;" width="72" height="72" loading="lazy" class="twemoji">anim id est laborum.<img src="https://twemoji.maxcdn.com/v/latest/72x72/1f914.png" alt="&#129300;" width="72" height="72" loading="lazy" class="twemoji"><img src="https://twemoji.maxcdn.com/v/latest/72x72/1f914.png" alt="&#129300;" width="72" height="72" loading="lazy" class="twemoji"></p>
</article>