<p>This is some fancy-<img src="https://twemoji.maxcdn.com/v/latest/72x72/1f483.png" alt="&#128131;" width="72" height="72" loading="lazy" class="twemoji"> Markdown/WYSIWYG text with surrounding <p> tags enabled. <img src="https://twemoji.maxcdn.com/v/latest/72x72/1f389.png" alt="&#127881;" width="72" height="72" loading="lazy" class="twemoji"></p></p>