This is some fancy-<img src="https://twemoji.maxcdn.com/v/latest/72x72/1f483.png" alt="ðŸ’ƒ" width="72" height="72" loading="lazy" class="twemoji"> Markdown/WYSIWYG text with surrounding <code><p></code> tags disabled. <img src="https://twemoji.maxcdn.com/v/latest/72x72/1f389.png" alt="ðŸŽ‰" width="72" height="72" loading="lazy" class="twemoji">
