<!DOCTYPE html>
<html lang="en">
<head></head>
  <body>Hey <img src="https://twemoji.maxcdn.com/v/latest/72x72/1f680.png" alt="&#128640;" width="72" height="72" loading="lazy" class="twemoji">
</body>
</html>
