<a href="" title="&#127880;">Link <img src="https://twemoji.maxcdn.com/v/latest/72x72/26d3.png" alt="&#9939;" width="72" height="72" loading="lazy" class="twemoji">&#65039;</a>