<script>document.innerHTML = '&#129335;&zwj;&#9794;&#65039;';</script>