<article>
    <p>Lorem <img src="https://twemoji.maxcdn.com/v/latest/72x72/1f602.png" alt="üòÇ" width="72" height="72" loading="lazy" class="twemoji"><img src="https://twemoji.maxcdn.com/v/latest/72x72/1f602.png" alt="üòÇ" width="72" height="72" loading="lazy" class="twemoji"> ipsum <img src="https://twemoji.maxcdn.com/v/latest/72x72/1f575-fe0f-200d-2642-fe0f.png" alt="üïµÔ∏è‚Äç‚ôÇÔ∏è" width="72" height="72" loading="lazy" class="twemoji">dolor sit<img src="https://twemoji.maxcdn.com/v/latest/72x72/270d.png" alt="‚úç" width="72" height="72" loading="lazy" class="twemoji">Ô∏è amet, consectetur adipiscing<img src="https://twemoji.maxcdn.com/v/latest/72x72/1f607.png" alt="üòá" width="72" height="72" loading="lazy" class="twemoji"><img src="https://twemoji.maxcdn.com/v/latest/72x72/1f607.png" alt="üòá" width="72" height="72" loading="lazy" class="twemoji"><img src="https://twemoji.maxcdn.com/v/latest/72x72/1f919.png" alt="ü§ô" width="72" height="72" loading="lazy" class="twemoji"> elit, sed do eiusmod<img src="https://twemoji.maxcdn.com/v/latest/72x72/1f970.png" alt="ü•∞" width="72" height="72" loading="lazy" class="twemoji"> tempor <img src="https://twemoji.maxcdn.com/v/latest/72x72/1f624.png" alt="üò§" width="72" height="72" loading="lazy" class="twemoji"><img src="https://twemoji.maxcdn.com/v/latest/72x72/1f624.png" alt="üò§" width="72" height="72" loading="lazy" class="twemoji"><img src="https://twemoji.maxcdn.com/v/latest/72x72/1f3f3-fe0f-200d-1f308.png" alt="üè≥Ô∏è‚Äçüåà" width="72" height="72" loading="lazy" class="twemoji">incididunt ut <img src="https://twemoji.maxcdn.com/v/latest/72x72/1f44f.png" alt="üëè" width="72" height="72" loading="lazy" class="twemoji">labore <img src="https://twemoji.maxcdn.com/v/latest/72x72/1f44f.png" alt="üëè" width="72" height="72" loading="lazy" class="twemoji">et<img src="https://twemoji.maxcdn.com/v/latest/72x72/1f44f.png" alt="üëè" width="72" height="72" loading="lazy" class="twemoji"> dolore <img src="https://twemoji.maxcdn.com/v/latest/72x72/1f44f.png" alt="üëè" width="72" height="72" loading="lazy" class="twemoji">magna<img src="https://twemoji.maxcdn.com/v/latest/72x72/1f44f.png" alt="üëè" width="72" height="72" loading="lazy" class="twemoji"> aliqua.</p>
    <p>Ut enim ad minim <img src="https://twemoji.maxcdn.com/v/latest/72x72/1f435.png" alt="üêµ" width="72" height="72" loading="lazy" class="twemoji"><img src="https://twemoji.maxcdn.com/v/latest/72x72/270a-1f3ff.png" alt="‚úäüèø" width="72" height="72" loading="lazy" class="twemoji">veniam,<img src="https://twemoji.maxcdn.com/v/latest/72x72/2764.png" alt="‚ù§" width="72" height="72" loading="lazy" class="twemoji">Ô∏è<img src="https://twemoji.maxcdn.com/v/latest/72x72/1f624.png" alt="üò§" width="72" height="72" loading="lazy" class="twemoji"><img src="https://twemoji.maxcdn.com/v/latest/72x72/1f62b.png" alt="üò´" width="72" height="72" loading="lazy" class="twemoji"><img src="https://twemoji.maxcdn.com/v/latest/72x72/1f629.png" alt="üò©" width="72" height="72" loading="lazy" class="twemoji"><img src="https://twemoji.maxcdn.com/v/latest/72x72/1f4a6.png" alt="üí¶" width="72" height="72" loading="lazy" class="twemoji"><img src="https://twemoji.maxcdn.com/v/latest/72x72/1f4a6.png" alt="üí¶" width="72" height="72" loading="lazy" class="twemoji"> quis nostrud <img src="https://twemoji.maxcdn.com/v/latest/72x72/1f47f.png" alt="üëø" width="72" height="72" loading="lazy" class="twemoji"><img src="https://twemoji.maxcdn.com/v/latest/72x72/1f92e.png" alt="ü§Æ" width="72" height="72" loading="lazy" class="twemoji">exercitation ullamco <img src="https://twemoji.maxcdn.com/v/latest/72x72/1f9e0.png" alt="üß†" width="72" height="72" loading="lazy" class="twemoji"><img src="https://twemoji.maxcdn.com/v/latest/72x72/1f46e-1f3ff-200d-2640-fe0f.png" alt="üëÆüèø‚Äç‚ôÄÔ∏è" width="72" height="72" loading="lazy" class="twemoji"><img src="https://twemoji.maxcdn.com/v/latest/72x72/1f171.png" alt="üÖ±" width="72" height="72" loading="lazy" class="twemoji">Ô∏èlaboris nisi ut aliquip<img src="https://twemoji.maxcdn.com/v/latest/72x72/2757.png" alt="‚ùó" width="72" height="72" loading="lazy" class="twemoji">Ô∏è ex ea commodo consequat.</p>
    <p><img src="https://twemoji.maxcdn.com/v/latest/72x72/1f4af.png" alt="üíØ" width="72" height="72" loading="lazy" class="twemoji">Duis aute<img src="https://twemoji.maxcdn.com/v/latest/72x72/1f4a6.png" alt="üí¶" width="72" height="72" loading="lazy" class="twemoji"><img src="https://twemoji.maxcdn.com/v/latest/72x72/1f602.png" alt="üòÇ" width="72" height="72" loading="lazy" class="twemoji"><img src="https://twemoji.maxcdn.com/v/latest/72x72/1f602.png" alt="üòÇ" width="72" height="72" loading="lazy" class="twemoji"><img src="https://twemoji.maxcdn.com/v/latest/72x72/1f602.png" alt="üòÇ" width="72" height="72" loading="lazy" class="twemoji"> irure dolor <img src="https://twemoji.maxcdn.com/v/latest/72x72/1f473-1f3fb-200d-2642-fe0f.png" alt="üë≥üèª‚Äç‚ôÇÔ∏è" width="72" height="72" loading="lazy" class="twemoji"><img src="https://twemoji.maxcdn.com/v/latest/72x72/1f5ff.png" alt="üóø" width="72" height="72" loading="lazy" class="twemoji">in reprehenderit <img src="https://twemoji.maxcdn.com/v/latest/72x72/1f916.png" alt="ü§ñ" width="72" height="72" loading="lazy" class="twemoji"><img src="https://twemoji.maxcdn.com/v/latest/72x72/1f47b.png" alt="üëª" width="72" height="72" loading="lazy" class="twemoji"><img src="https://twemoji.maxcdn.com/v/latest/72x72/1f44e.png" alt="üëé" width="72" height="72" loading="lazy" class="twemoji">in voluptate velit esse cillum dolore <img src="https://twemoji.maxcdn.com/v/latest/72x72/1f64f.png" alt="üôè" width="72" height="72" loading="lazy" class="twemoji"><img src="https://twemoji.maxcdn.com/v/latest/72x72/1f64f.png" alt="üôè" width="72" height="72" loading="lazy" class="twemoji">eu fugiat<img src="https://twemoji.maxcdn.com/v/latest/72x72/1f914.png" alt="ü§î" width="72" height="72" loading="lazy" class="twemoji"> nulla pariatur.</p>
    <p><img src="https://twemoji.maxcdn.com/v/latest/72x72/1f645-200d-2640-fe0f.png" alt="üôÖ‚Äç‚ôÄÔ∏è" width="72" height="72" loading="lazy" class="twemoji"><img src="https://twemoji.maxcdn.com/v/latest/72x72/1f645-200d-2640-fe0f.png" alt="üôÖ‚Äç‚ôÄÔ∏è" width="72" height="72" loading="lazy" class="twemoji">Excepteur sint occaecat<img src="https://twemoji.maxcdn.com/v/latest/72x72/1f937-200d-2640-fe0f.png" alt="ü§∑‚Äç‚ôÄÔ∏è" width="72" height="72" loading="lazy" class="twemoji"><img src="https://twemoji.maxcdn.com/v/latest/72x72/1f926-200d-2640-fe0f.png" alt="ü§¶‚Äç‚ôÄÔ∏è" width="72" height="72" loading="lazy" class="twemoji"> cupidatat<img src="https://twemoji.maxcdn.com/v/latest/72x72/1f485.png" alt="üíÖ" width="72" height="72" loading="lazy" class="twemoji"> non<img src="https://twemoji.maxcdn.com/v/latest/72x72/1f483.png" alt="üíÉ" width="72" height="72" loading="lazy" class="twemoji"> proident,<img src="https://twemoji.maxcdn.com/v/latest/72x72/1f468-200d-1f467.png" alt="üë®‚Äçüëß" width="72" height="72" loading="lazy" class="twemoji"> sunt<img src="https://twemoji.maxcdn.com/v/latest/72x72/1f917.png" alt="ü§ó" width="72" height="72" loading="lazy" class="twemoji"> in culpa<img src="https://twemoji.maxcdn.com/v/latest/72x72/1f625.png" alt="üò•" width="72" height="72" loading="lazy" class="twemoji"><img src="https://twemoji.maxcdn.com/v/latest/72x72/1f630.png" alt="üò∞" width="72" height="72" loading="lazy" class="twemoji"><img src="https://twemoji.maxcdn.com/v/latest/72x72/1f628.png" alt="üò®" width="72" height="72" loading="lazy" class="twemoji"> qui officia<img src="https://twemoji.maxcdn.com/v/latest/72x72/1f929.png" alt="ü§©" width="72" height="72" loading="lazy" class="twemoji"><img src="https://twemoji.maxcdn.com/v/latest/72x72/1f929.png" alt="ü§©" width="72" height="72" loading="lazy" class="twemoji"> deserunt mollit <img src="https://twemoji.maxcdn.com/v/latest/72x72/1f9d0.png" alt="üßê" width="72" height="72" loading="lazy" class="twemoji">anim id est laborum.<img src="https://twemoji.maxcdn.com/v/latest/72x72/1f914.png" alt="ü§î" width="72" height="72" loading="lazy" class="twemoji"><img src="https://twemoji.maxcdn.com/v/latest/72x72/1f914.png" alt="ü§î" width="72" height="72" loading="lazy" class="twemoji"></p>
</article>