This is some fancy-💃 Markdown/WYSIWYG text with surrounding &lt;p&gt; tags disabled. 🎉