Hello ![👋](https://cdn.jsdelivr.net/gh/twitter/twemoji@latest/assets/72x72/1f44b.png),
Emojis are so cool! ![🚀](https://cdn.jsdelivr.net/gh/twitter/twemoji@latest/assets/72x72/1f680.png)![🎉](https://cdn.jsdelivr.net/gh/twitter/twemoji@latest/assets/72x72/1f389.png)