Hello ![ðŸ‘‹](https://cdn.jsdelivr.net/gh/twitter/twemoji@latest/assets/svg/1f44b.svg),
Emojis are so cool! ![ðŸš€](https://cdn.jsdelivr.net/gh/twitter/twemoji@latest/assets/svg/1f680.svg)![ðŸŽ‰](https://cdn.jsdelivr.net/gh/twitter/twemoji@latest/assets/svg/1f389.svg)