Hello <img src="https://cdn.jsdelivr.net/gh/twitter/twemoji@latest/assets/72x72/1f44b.png" alt="ðŸ‘‹" width="72" height="72" loading="lazy" class="twemoji" />,
Emojis are so cool! <img src="https://cdn.jsdelivr.net/gh/twitter/twemoji@latest/assets/72x72/1f680.png" alt="ðŸš€" width="72" height="72" loading="lazy" class="twemoji" /><img src="https://cdn.jsdelivr.net/gh/twitter/twemoji@latest/assets/72x72/1f389.png" alt="ðŸŽ‰" width="72" height="72" loading="lazy" class="twemoji" />