Hello ![👋](https://cdn.jsdelivr.net/gh/twitter/twemoji@latest/assets/svg/1f44b.svg)
Hello ![👋🏻](https://cdn.jsdelivr.net/gh/twitter/twemoji@latest/assets/svg/1f44b-1f3fb.svg)
Hello ![👋🏼](https://cdn.jsdelivr.net/gh/twitter/twemoji@latest/assets/svg/1f44b-1f3fc.svg)
Hello ![👋🏽](https://cdn.jsdelivr.net/gh/twitter/twemoji@latest/assets/svg/1f44b-1f3fd.svg)
Hello ![👋🏾](https://cdn.jsdelivr.net/gh/twitter/twemoji@latest/assets/svg/1f44b-1f3fe.svg)
Hello ![👋🏿](https://cdn.jsdelivr.net/gh/twitter/twemoji@latest/assets/svg/1f44b-1f3ff.svg)